[dotenv@17.2.3] injecting env (4) from .env -- tip: ­ƒùé´©Å backup and recover secrets: https://dotenvx.com/ops
1. Fazendo login como admin...
Ô£à Logado como admin

2. Tentando criar usu├írio via Edge Function...
   Email: teste1764707802240@example.com
   Senha: Teste@123
   Nome: Usuario Teste

node : ÔØî Erro ao criar 
usu├írio: 
FunctionsHttpError: Edge 
Function returned a non-2xx 
status code
No linha:1 caractere:1
+ node 
scripts/test_create_user.js 
2>&1 | Out-File -FilePath 
test_outpu ...
+ ~~~~~~~~~~~~~~~~~~~~~~~~~~
~~~~~~~~~~~
    + CategoryInfo          
    : NotSpecifi    ed: 
(ÔØî Erro ao c    ri...2xx 
status co    de:String) [], 
Rem    oteException
    + FullyQualifiedEr    
rorId : NativeComm    
andError
 
    at 
FunctionsClient.<anonymous> 
(C:\Users\lucas\Desktop\PDV\
node_modules\@supabase\funct
ions-js\dist\main\FunctionsC
lient.js:92:27)
    at Generator.next 
(<anonymous>)
    at fulfilled (C:\Users\l
ucas\Desktop\PDV\node_module
s\tslib\tslib.js:167:62)
    at process.processTicksA
ndRejections (node:internal/
process/task_queues:103:5) {
  context: Response {
    status: 400,
    statusText: 'Bad 
Request',
    headers: Headers {
      date: 'Tue, 02 Dec 
2025 20:36:42 GMT',
      'content-type': 
'application/json',
      'content-length': 
'61',
      connection: 
'keep-alive',
      server: 'cloudflare',
      'cf-ray': 
'9a7d9e316eaf287d-GRU',
      'cf-cache-status': 
'DYNAMIC',
      'access-control-allow-
origin': '*',
      'content-encoding': 
'gzip',
      'strict-transport-secu
rity': 'max-age=31536000; 
includeSubDomains; preload',
      vary: 
'Accept-Encoding',
      'access-control-allow-
headers': 'authorization, 
x-client-info, apikey, 
content-type',
      'sb-project-ref': 
'zwywggyytstatsfffbou',
      'sb-request-id': '019a
e0c8-1aeb-7ef3-b5c6-8e91ee03
2337',
      
'x-deno-execution-id': 'fcab
840f-f254-4c11-b42e-c1bacd09
9a33',
      'x-sb-edge-region': 
'sa-east-1',
      'x-served-by': 
'supabase-edge-runtime',
      'set-cookie': '__cf_bm
=PIrg9miKquIWvaODcE1ZCWDJLdA
CjUWog0fBN8Qva.U-1764707802-
1.0.1.1-51uMXYj2u.JOGpETva1P
pZoV.10NfJ6uctl1m0Jyrpx4ffco
t6g2Jyf7xxVbfu_XWnpFXoa0PnYf
LCaURLUBjTVKG561.WYMwLFFDwNe
Tyk; path=/; expires=Tue, 
02-Dec-25 21:06:42 GMT; 
domain=.supabase.co; 
HttpOnly; Secure; 
SameSite=None',
      'alt-svc': 
'h3=":443"; ma=86400'
    },
    body: ReadableStream { 
locked: false, state: 
'readable', supportsBYOB: 
true },
    bodyUsed: false,
    ok: false,
    redirected: false,
    type: 'basic',
    url: 'https://zwywggyyts
tatsfffbou.supabase.co/funct
ions/v1/admin-users'
  }
}
­ƒôï Detalhes do erro: {
  "error": "Database error 
creating new user"
}
N├úo foi poss├¡vel extrair 
texto do erro
